Performing C SOURCE FILE Test CMAKE_HAVE_LIBC_PTHREAD failed with the following output:
Change Dir: /home/mudong/smartcar/参考/智能驾驶/smartcar/build/CMakeFiles/CMakeTmp

Run Build Command(s):/usr/bin/make cmTC_6c8c6/fast && /usr/bin/make -f CMakeFiles/cmTC_6c8c6.dir/build.make CMakeFiles/cmTC_6c8c6.dir/build
make[1]: 进入目录“/home/mudong/smartcar/参考/智能驾驶/smartcar/build/CMakeFiles/CMakeTmp”
Building C object CMakeFiles/cmTC_6c8c6.dir/src.c.o
/home/mudong/smartcar/GUN/loongson-gnu-toolchain-8.3-x86_64-loongarch64-linux-gnu-rc1.6/bin/loongarch64-linux-gnu-gcc   -DCMAKE_HAVE_LIBC_PTHREAD   -o CMakeFiles/cmTC_6c8c6.dir/src.c.o   -c /home/mudong/smartcar/参考/智能驾驶/smartcar/build/CMakeFiles/CMakeTmp/src.c
Linking C executable cmTC_6c8c6
/usr/bin/cmake -E cmake_link_script CMakeFiles/cmTC_6c8c6.dir/link.txt --verbose=1
/home/mudong/smartcar/GUN/loongson-gnu-toolchain-8.3-x86_64-loongarch64-linux-gnu-rc1.6/bin/loongarch64-linux-gnu-gcc  -DCMAKE_HAVE_LIBC_PTHREAD    CMakeFiles/cmTC_6c8c6.dir/src.c.o  -o cmTC_6c8c6 
/home/mudong/smartcar/GUN/loongson-gnu-toolchain-8.3-x86_64-loongarch64-linux-gnu-rc1.6/bin/../lib/gcc/loongarch64-linux-gnu/8.3.0/../../../../loongarch64-linux-gnu/bin/ld: CMakeFiles/cmTC_6c8c6.dir/src.c.o: in function `main':
src.c:(.text+0x4c): undefined reference to `pthread_create'
/home/mudong/smartcar/GUN/loongson-gnu-toolchain-8.3-x86_64-loongarch64-linux-gnu-rc1.6/bin/../lib/gcc/loongarch64-linux-gnu/8.3.0/../../../../loongarch64-linux-gnu/bin/ld: src.c:(.text+0x58): undefined reference to `pthread_detach'
/home/mudong/smartcar/GUN/loongson-gnu-toolchain-8.3-x86_64-loongarch64-linux-gnu-rc1.6/bin/../lib/gcc/loongarch64-linux-gnu/8.3.0/../../../../loongarch64-linux-gnu/bin/ld: src.c:(.text+0x68): undefined reference to `pthread_join'
collect2: error: ld returned 1 exit status
make[1]: *** [CMakeFiles/cmTC_6c8c6.dir/build.make:87：cmTC_6c8c6] 错误 1
make[1]: 离开目录“/home/mudong/smartcar/参考/智能驾驶/smartcar/build/CMakeFiles/CMakeTmp”
make: *** [Makefile:121：cmTC_6c8c6/fast] 错误 2


Source file was:
#include <pthread.h>

void* test_func(void* data)
{
  return data;
}

int main(void)
{
  pthread_t thread;
  pthread_create(&thread, NULL, test_func, NULL);
  pthread_detach(thread);
  pthread_join(thread, NULL);
  pthread_atfork(NULL, NULL, NULL);
  pthread_exit(NULL);

  return 0;
}

Determining if the function pthread_create exists in the pthreads failed with the following output:
Change Dir: /home/mudong/smartcar/参考/智能驾驶/smartcar/build/CMakeFiles/CMakeTmp

Run Build Command(s):/usr/bin/make cmTC_8d2e5/fast && /usr/bin/make -f CMakeFiles/cmTC_8d2e5.dir/build.make CMakeFiles/cmTC_8d2e5.dir/build
make[1]: 进入目录“/home/mudong/smartcar/参考/智能驾驶/smartcar/build/CMakeFiles/CMakeTmp”
Building C object CMakeFiles/cmTC_8d2e5.dir/CheckFunctionExists.c.o
/home/mudong/smartcar/GUN/loongson-gnu-toolchain-8.3-x86_64-loongarch64-linux-gnu-rc1.6/bin/loongarch64-linux-gnu-gcc   -DCHECK_FUNCTION_EXISTS=pthread_create   -o CMakeFiles/cmTC_8d2e5.dir/CheckFunctionExists.c.o   -c /usr/share/cmake-3.16/Modules/CheckFunctionExists.c
Linking C executable cmTC_8d2e5
/usr/bin/cmake -E cmake_link_script CMakeFiles/cmTC_8d2e5.dir/link.txt --verbose=1
/home/mudong/smartcar/GUN/loongson-gnu-toolchain-8.3-x86_64-loongarch64-linux-gnu-rc1.6/bin/loongarch64-linux-gnu-gcc  -DCHECK_FUNCTION_EXISTS=pthread_create    CMakeFiles/cmTC_8d2e5.dir/CheckFunctionExists.c.o  -o cmTC_8d2e5  -lpthreads 
/home/mudong/smartcar/GUN/loongson-gnu-toolchain-8.3-x86_64-loongarch64-linux-gnu-rc1.6/bin/../lib/gcc/loongarch64-linux-gnu/8.3.0/../../../../loongarch64-linux-gnu/bin/ld: cannot find -lpthreads
collect2: error: ld returned 1 exit status
make[1]: *** [CMakeFiles/cmTC_8d2e5.dir/build.make:87：cmTC_8d2e5] 错误 1
make[1]: 离开目录“/home/mudong/smartcar/参考/智能驾驶/smartcar/build/CMakeFiles/CMakeTmp”
make: *** [Makefile:121：cmTC_8d2e5/fast] 错误 2



